~/ggg/spectra/
/net/powraid/raid1/spectra/jpl_ifs3/
/net/powraid/raid1/spectra/caltech_ifs3/
/net/powraid/raid1/spectra/parkfalls_ifs1/
/net/powraid/raid1/spectra/darwin_ifs2/
/net/nicolet/raid1/spectra/parkfalls_ifs1/
/net/nicolet/raid1/spectra/darwin_ifs2/
/net/nicolet/raid1/spectra/kitt_peak/
/net/nicolet/raid1/spectra/izana/
/net/nicolet/raid1/spectra/lauder/
/net/nicolet/raid1/spectra/pnnl/
/net/nicolet/raid1/spectra/mkiv/
/net/lamont/raid1/spectra/parkfalls_ifs1/
/net/lamont/raid1/spectra/darwin_ifs2/
/net/lamont/raid2/spectra/darwin_ifs2/
/net/lamont/raid3/spectra/jpl_ifs3/
/net/chequamegon/raid1/spectra/parkfalls_ifs1/
/export/raid1/dwunch/ACE/ss8925/
/export/raid1/dwunch/ACE/sr9165/
/export/raid1/dwunch/ACE/sr9138/
/export/raid1/dwunch/ACE/sr9139/
/export/raid1/dwunch/ACE/sr9140/
/export/raid1/dwunch/ACE/sr9141/
/export/raid1/dwunch/ACE/sr9142/
/export/raid1/dwunch/ACE/sr9143/
/export/raid1/dwunch/ACE/ss10677/
/export/raid1/dwunch/ACE/sr10909/
/export/raid1/dwunch/ACE/sr19954/
