$(GGGPATH)/spectra/
/export/spectra1/tccon/parkfalls_ifs1/
/export/spectra1/tccon/lamont_ifs3/
/export/spectra2/tccon/darwin_ifs2/
/export/spectra1/tccon/lamont_ifs3/lamp/
/export/raid1/spectra/kitt_peak/
/export/raid1/spectra/solspec/
/export/raid1/spectra/gosat/
/export/raid1/spectra/ace/
/export/raid1/spectra/camy-peyret/
/export/raid1/spectra/du/
/export/raid1/spectra/atmos/
/export/raid1/spectra/mkiv/gnd/
/export/raid1/spectra/mkiv/gnd/barcroft/
/export/raid1/spectra/mkiv/bal/
/export/raid1/spectra/mkiv/air/
/export/raid1/spectra/mkiv_igrams/
/net/ccycle/spectra1/tccon/parkfalls_ifs1/
/net/ccycle/spectra1/tccon/jpl_ifs3/
/net/ccycle/spectra1/tccon/lamont_ifs3/
/net/ccycle/spectra2/tccon/darwin_ifs2/
/net/ccycle/spectra1/tccon/lamont_ifs3/lamp/
/net/nicolet/raid1/spectra/kitt_peak/
/net/nicolet/raid1/spectra/izana/
/net/nicolet/raid1/spectra/lauder/
/net/nicolet/raid1/spectra/pnnl/
/net/nicolet/raid1/spectra/ral/
/net/nicolet/raid1/spectra/atmos/
/net/nicolet/raid1/spectra/mkiv/bal/
/net/nicolet/raid1/spectra/mkiv/gnd/
/net/nicolet/raid1/spectra/wollongong/
/export/raid1/dwunch/ACE/ss8925/
/export/raid1/dwunch/ACE/sr9165/
/export/raid1/dwunch/ACE/sr9138/
/export/raid1/dwunch/ACE/sr9139/
/export/raid1/dwunch/ACE/sr9140/
/export/raid1/dwunch/ACE/sr9141/
/export/raid1/dwunch/ACE/sr9142/
/export/raid1/dwunch/ACE/sr9143/
/export/raid1/dwunch/ACE/ss10677/
/export/raid1/dwunch/ACE/sr10909/
/export/raid1/dwunch/ACE/sr19954/
